--------------------------------------------------------------------------------
Release 14.7 Trace  (nt64)
Copyright (c) 1995-2013 Xilinx, Inc.  All rights reserved.

C:\Xilinx\14.7\ISE_DS\ISE\bin\nt64\unwrapped\trce.exe -intstyle ise -v 3 -s 3
-n 3 -fastpaths -xml pong_top.twx pong_top.ncd -o pong_top.twr pong_top.pcf
-ucf pong nexys4ddr.ucf

Design file:              pong_top.ncd
Physical constraint file: pong_top.pcf
Device,package,speed:     xc7a100t,csg324,C,-3 (PRODUCTION 1.10 2013-10-13)
Report level:             verbose report

Environment Variable      Effect 
--------------------      ------ 
NONE                      No environment variables were set
--------------------------------------------------------------------------------

INFO:Timing:2698 - No timing constraints found, doing default enumeration.
INFO:Timing:3412 - To improve timing, see the Timing Closure User Guide (UG612).
INFO:Timing:2752 - To get complete path coverage, use the unconstrained paths 
   option. All paths that are not constrained will be reported in the 
   unconstrained paths section(s) of the report.
INFO:Timing:3339 - The clock-to-out numbers in this timing report are based on 
   a 50 Ohm transmission line loading model.  For the details of this model, 
   and for more information on accounting for different loading conditions, 
   please see the device datasheet.



Data Sheet report:
-----------------
All values displayed in nanoseconds (ns)

Setup/Hold to clock clk
------------+------------+------------+------------+------------+------------------+--------+
            |Max Setup to|  Process   |Max Hold to |  Process   |                  | Clock  |
Source      | clk (edge) |   Corner   | clk (edge) |   Corner   |Internal Clock(s) | Phase  |
------------+------------+------------+------------+------------+------------------+--------+
rst         |    0.456(R)|      FAST  |    1.183(R)|      SLOW  |clk_BUFGP         |   0.000|
------------+------------+------------+------------+------------+------------------+--------+

Clock clk to Pad
------------+-----------------+------------+-----------------+------------+------------------+--------+
            |Max (slowest) clk|  Process   |Min (fastest) clk|  Process   |                  | Clock  |
Destination |  (edge) to PAD  |   Corner   |  (edge) to PAD  |   Corner   |Internal Clock(s) | Phase  |
------------+-----------------+------------+-----------------+------------+------------------+--------+
hsync       |        10.066(R)|      SLOW  |         3.877(R)|      FAST  |clk_BUFGP         |   0.000|
rgb<0>      |        11.060(R)|      SLOW  |         4.499(R)|      FAST  |clk_BUFGP         |   0.000|
rgb<1>      |        10.806(R)|      SLOW  |         4.373(R)|      FAST  |clk_BUFGP         |   0.000|
rgb<2>      |        10.554(R)|      SLOW  |         4.219(R)|      FAST  |clk_BUFGP         |   0.000|
rgb<3>      |        10.667(R)|      SLOW  |         4.249(R)|      FAST  |clk_BUFGP         |   0.000|
rgb<5>      |        10.036(R)|      SLOW  |         3.868(R)|      FAST  |clk_BUFGP         |   0.000|
rgb<6>      |        10.145(R)|      SLOW  |         3.928(R)|      FAST  |clk_BUFGP         |   0.000|
rgb<8>      |        10.354(R)|      SLOW  |         4.117(R)|      FAST  |clk_BUFGP         |   0.000|
rgb<9>      |        10.464(R)|      SLOW  |         4.178(R)|      FAST  |clk_BUFGP         |   0.000|
rgb<10>     |        11.148(R)|      SLOW  |         4.540(R)|      FAST  |clk_BUFGP         |   0.000|
rgb<11>     |        10.310(R)|      SLOW  |         4.069(R)|      FAST  |clk_BUFGP         |   0.000|
vsync       |         9.985(R)|      SLOW  |         3.851(R)|      FAST  |clk_BUFGP         |   0.000|
------------+-----------------+------------+-----------------+------------+------------------+--------+

Clock to Setup on destination clock clk
---------------+---------+---------+---------+---------+
               | Src:Rise| Src:Fall| Src:Rise| Src:Fall|
Source Clock   |Dest:Rise|Dest:Rise|Dest:Fall|Dest:Fall|
---------------+---------+---------+---------+---------+
clk            |    2.583|         |         |         |
---------------+---------+---------+---------+---------+


Analysis completed Tue Apr 17 01:19:47 2018 
--------------------------------------------------------------------------------

Trace Settings:
-------------------------
Trace Settings 

Peak Memory Usage: 677 MB



